// Jest Snapshot v1, https://goo.gl/fbAQLP

exports[`form renders correctly 1`] = `
<div
  className="row"
>
  <form
    className="mx-auto"
    onSubmit={[Function]}
  >
    <div
      className="form-group"
    >
      <label>
        Your first name: 
      </label>
      <input
        name="firstName"
        onChange={[Function]}
        pattern="[A-z]{1,15}"
        required={true}
        title="First name should only contain letters. e.g. John"
        type="text"
        value=""
      />
    </div>
    <div
      className="form-group"
    >
      <label>
        Your last name: 
      </label>
      <input
        name="lastName"
        onChange={[Function]}
        pattern="[A-z\\\\d-]{1,30}"
        required={true}
        title="The last name should only contain letters or letters joined by dash. e.g. Scott"
        type="text"
        value=""
      />
    </div>
    <div
      className="form-group"
    >
      <label>
        Email adress: 
      </label>
      <input
        name="email"
        onChange={[Function]}
        required={true}
        title="Please submit a valid email adress e.g. john@scott.co"
        type="email"
        value=""
      />
    </div>
    <div
      className="form-group"
    >
      <label>
        Select the event date that suits you best:
      </label>
      <input
        min="2018-02-26"
        name="date"
        onChange={[Function]}
        required={true}
        type="date"
      />
    </div>
    <button
      className="btn btn-primary"
      type="submit"
      value="Confirm"
    >
      Submit
    </button>
  </form>
</div>
`;
